#-----------------------------------------------------------
# Vivado v2022.2 (64-bit)
# SW Build 3671981 on Fri Oct 14 05:00:03 MDT 2022
# IP Build 3669848 on Fri Oct 14 08:30:02 MDT 2022
# Start of session at: Thu Jul 17 21:35:11 2025
# Process ID: 17312
# Current directory: D:/mapping_layer
# Command line: vivado.exe -gui_launcher_event rodinguilauncherevent10116 D:\mapping_layer\mapping_layer.xpr
# Log file: D:/mapping_layer/vivado.log
# Journal file: D:/mapping_layer\vivado.jou
# Running On: DESKTOP-DD0PJLS, OS: Windows, CPU Frequency: 3693 MHz, CPU Physical cores: 12, Host memory: 17103 MB
#-----------------------------------------------------------
start_gui
open_project D:/mapping_layer/mapping_layer.xpr
update_compile_order -fileset sources_1
# Disabling source management mode.  This is to allow the top design properties to be set without GUI intervention.
set_property source_mgmt_mode None [current_project]
# Re-enabling previously disabled source management mode.
set_property source_mgmt_mode All [current_project]
# Disabling source management mode.  This is to allow the top design properties to be set without GUI intervention.
set_property source_mgmt_mode None [current_project]
set_property top tb_PE [get_filesets sim_1]
set_property top_lib xil_defaultlib [get_filesets sim_1]
# Re-enabling previously disabled source management mode.
set_property source_mgmt_mode All [current_project]
update_compile_order -fileset sim_1
# Disabling source management mode.  This is to allow the top design properties to be set without GUI intervention.
set_property source_mgmt_mode None [current_project]
set_property top tb_PE_M_layer [get_filesets sim_1]
set_property top_lib xil_defaultlib [get_filesets sim_1]
# Re-enabling previously disabled source management mode.
set_property source_mgmt_mode All [current_project]
update_compile_order -fileset sim_1
launch_simulation
open_wave_config D:/mapping_layer/mapping_layer.srcs/sim_1/imports/mapping_layer/pixelArranger_behav.wcfg
source tb_PE_M_layer.tcl
current_wave_config {pixelArranger_behav.wcfg}
add_wave {{/tb_PE_M_layer/i_clk}} {{/tb_PE_M_layer/i_clr}} {{/tb_PE_M_layer/i_data}} {{/tb_PE_M_layer/i_data2}} {{/tb_PE_M_layer/i_C}} {{/tb_PE_M_layer/i_valid}} {{/tb_PE_M_layer/o_p}} 
relaunch_sim
close_sim
# Disabling source management mode.  This is to allow the top design properties to be set without GUI intervention.
set_property source_mgmt_mode None [current_project]
set_property top tb_PE [get_filesets sim_1]
set_property top_lib xil_defaultlib [get_filesets sim_1]
# Re-enabling previously disabled source management mode.
set_property source_mgmt_mode All [current_project]
update_compile_order -fileset sim_1
launch_simulation
open_wave_config D:/mapping_layer/mapping_layer.srcs/sim_1/imports/mapping_layer/pixelArranger_behav.wcfg
source tb_PE.tcl
relaunch_sim
relaunch_sim
save_wave_config {D:/mapping_layer/mapping_layer.srcs/sim_1/imports/mapping_layer/pixelArranger_behav.wcfg}
close_sim
reset_run synth_1
launch_runs synth_1 -jobs 12
wait_on_run synth_1
launch_runs impl_1 -jobs 12
wait_on_run impl_1
open_run impl_1
close_design
open_run impl_1
report_utilization -name utilization_1
close_design
launch_simulation
open_wave_config D:/mapping_layer/mapping_layer.srcs/sim_1/imports/mapping_layer/pixelArranger_behav.wcfg
source tb_PE.tcl
close_sim
open_run impl_1
report_timing_summary -delay_type min_max -report_unconstrained -check_timing_verbose -max_paths 10 -input_pins -routable_nets -name timing_1
close_design
update_compile_order -fileset sources_1
update_compile_order -fileset sources_1
launch_simulation
open_wave_config D:/mapping_layer/mapping_layer.srcs/sim_1/imports/mapping_layer/pixelArranger_behav.wcfg
source tb_PE.tcl
relaunch_sim
relaunch_sim
relaunch_sim
save_wave_config {D:/mapping_layer/mapping_layer.srcs/sim_1/imports/mapping_layer/pixelArranger_behav.wcfg}
close_sim
