#-----------------------------------------------------------
# Vivado v2022.2 (64-bit)
# SW Build 3671981 on Fri Oct 14 05:00:03 MDT 2022
# IP Build 3669848 on Fri Oct 14 08:30:02 MDT 2022
# Start of session at: Thu Sep 11 22:18:31 2025
# Process ID: 23712
# Current directory: D:/FSRCNN_imple2/ip_repo/AXIS_Y_Converter_v19.1_0910/AXIS_Y_Converter_v19.1_0910.runs/yconv_fifo_generator_0_synth_1
# Command line: vivado.exe -log yconv_fifo_generator_0.vds -product Vivado -mode batch -messageDb vivado.pb -notrace -source yconv_fifo_generator_0.tcl
# Log file: D:/FSRCNN_imple2/ip_repo/AXIS_Y_Converter_v19.1_0910/AXIS_Y_Converter_v19.1_0910.runs/yconv_fifo_generator_0_synth_1/yconv_fifo_generator_0.vds
# Journal file: D:/FSRCNN_imple2/ip_repo/AXIS_Y_Converter_v19.1_0910/AXIS_Y_Converter_v19.1_0910.runs/yconv_fifo_generator_0_synth_1\vivado.jou
# Running On: DESKTOP-DD0PJLS, OS: Windows, CPU Frequency: 3693 MHz, CPU Physical cores: 12, Host memory: 17103 MB
#-----------------------------------------------------------
source yconv_fifo_generator_0.tcl -notrace
