#-----------------------------------------------------------
# Vivado v2022.2 (64-bit)
# SW Build 3671981 on Fri Oct 14 05:00:03 MDT 2022
# IP Build 3669848 on Fri Oct 14 08:30:02 MDT 2022
# Start of session at: Fri Jul  4 19:22:29 2025
# Process ID: 19992
# Current directory: D:/Capstone/BicubicDDRTest
# Command line: vivado.exe -gui_launcher_event rodinguilauncherevent3812 D:\Capstone\BicubicDDRTest\BicubicDDRTest.xpr
# Log file: D:/Capstone/BicubicDDRTest/vivado.log
# Journal file: D:/Capstone/BicubicDDRTest\vivado.jou
# Running On: DESKTOP-DD0PJLS, OS: Windows, CPU Frequency: 3693 MHz, CPU Physical cores: 12, Host memory: 17103 MB
#-----------------------------------------------------------
start_gui
open_project D:/Capstone/BicubicDDRTest/BicubicDDRTest.xpr
update_compile_order -fileset sources_1
open_hw_manager
connect_hw_server -allow_non_jtag
open_hw_target
set_property PROGRAM.FILE {D:/Capstone/BicubicDDRTest/BicubicDDRTest.runs/impl_1/BicubicDDRTest_wrapper.bit} [get_hw_devices xczu9_0]
set_property PROBES.FILE {D:/Capstone/BicubicDDRTest/BicubicDDRTest.runs/impl_1/BicubicDDRTest_wrapper.ltx} [get_hw_devices xczu9_0]
set_property FULL_PROBES.FILE {D:/Capstone/BicubicDDRTest/BicubicDDRTest.runs/impl_1/BicubicDDRTest_wrapper.ltx} [get_hw_devices xczu9_0]
current_hw_device [get_hw_devices xczu9_0]
refresh_hw_device [lindex [get_hw_devices xczu9_0] 0]
current_hw_device [get_hw_devices arm_dap_1]
refresh_hw_device -update_hw_probes false [lindex [get_hw_devices arm_dap_1] 0]
current_hw_device [get_hw_devices xczu9_0]
set_property PROBES.FILE {D:/Capstone/BicubicDDRTest/BicubicDDRTest.runs/impl_1/BicubicDDRTest_wrapper.ltx} [get_hw_devices xczu9_0]
set_property FULL_PROBES.FILE {D:/Capstone/BicubicDDRTest/BicubicDDRTest.runs/impl_1/BicubicDDRTest_wrapper.ltx} [get_hw_devices xczu9_0]
set_property PROGRAM.FILE {D:/Capstone/BicubicDDRTest/BicubicDDRTest.runs/impl_1/BicubicDDRTest_wrapper.bit} [get_hw_devices xczu9_0]
program_hw_devices [get_hw_devices xczu9_0]
refresh_hw_device [lindex [get_hw_devices xczu9_0] 0]
set_property PROBES.FILE {D:/Capstone/BicubicDDRTest/BicubicDDRTest.runs/impl_1/BicubicDDRTest_wrapper.ltx} [get_hw_devices xczu9_0]
set_property FULL_PROBES.FILE {D:/Capstone/BicubicDDRTest/BicubicDDRTest.runs/impl_1/BicubicDDRTest_wrapper.ltx} [get_hw_devices xczu9_0]
set_property PROGRAM.FILE {D:/Capstone/BicubicDDRTest/BicubicDDRTest.runs/impl_1/BicubicDDRTest_wrapper.bit} [get_hw_devices xczu9_0]
program_hw_devices [get_hw_devices xczu9_0]
refresh_hw_device [lindex [get_hw_devices xczu9_0] 0]
display_hw_ila_data [ get_hw_ila_data hw_ila_data_1 -of_objects [get_hw_ilas -of_objects [get_hw_devices xczu9_0] -filter {CELL_NAME=~"BicubicDDRTest_i/system_ila_0/inst/ila_lib"}]]
set_property TRIGGER_COMPARE_VALUE eq1'bX [get_hw_probes BicubicDDRTest_i/system_ila_0/inst/probe0_1 -of_objects [get_hw_ilas -of_objects [get_hw_devices xczu9_0] -filter {CELL_NAME=~"BicubicDDRTest_i/system_ila_0/inst/ila_lib"}]]
set_property TRIGGER_COMPARE_VALUE eq1'bR [get_hw_probes BicubicDDRTest_i/system_ila_0/inst/net_slot_1_axis_tready -of_objects [get_hw_ilas -of_objects [get_hw_devices xczu9_0] -filter {CELL_NAME=~"BicubicDDRTest_i/system_ila_0/inst/ila_lib"}]]
set_property TRIGGER_COMPARE_VALUE eq1'bF [get_hw_probes BicubicDDRTest_i/system_ila_0/inst/net_slot_1_axis_tready -of_objects [get_hw_ilas -of_objects [get_hw_devices xczu9_0] -filter {CELL_NAME=~"BicubicDDRTest_i/system_ila_0/inst/ila_lib"}]]
run_hw_ila [get_hw_ilas -of_objects [get_hw_devices xczu9_0] -filter {CELL_NAME=~"BicubicDDRTest_i/system_ila_0/inst/ila_lib"}]
set_property PROBES.FILE {D:/Capstone/BicubicDDRTest/BicubicDDRTest.runs/impl_1/BicubicDDRTest_wrapper.ltx} [get_hw_devices xczu9_0]
set_property FULL_PROBES.FILE {D:/Capstone/BicubicDDRTest/BicubicDDRTest.runs/impl_1/BicubicDDRTest_wrapper.ltx} [get_hw_devices xczu9_0]
set_property PROGRAM.FILE {D:/Capstone/BicubicDDRTest/BicubicDDRTest.runs/impl_1/BicubicDDRTest_wrapper.bit} [get_hw_devices xczu9_0]
program_hw_devices [get_hw_devices xczu9_0]
refresh_hw_device [lindex [get_hw_devices xczu9_0] 0]
set_property PROBES.FILE {D:/Capstone/BicubicDDRTest/BicubicDDRTest.runs/impl_1/BicubicDDRTest_wrapper.ltx} [get_hw_devices xczu9_0]
set_property FULL_PROBES.FILE {D:/Capstone/BicubicDDRTest/BicubicDDRTest.runs/impl_1/BicubicDDRTest_wrapper.ltx} [get_hw_devices xczu9_0]
set_property PROGRAM.FILE {D:/Capstone/BicubicDDRTest/BicubicDDRTest.runs/impl_1/BicubicDDRTest_wrapper.bit} [get_hw_devices xczu9_0]
program_hw_devices [get_hw_devices xczu9_0]
refresh_hw_device [lindex [get_hw_devices xczu9_0] 0]
set_property PROBES.FILE {D:/Capstone/BicubicDDRTest/BicubicDDRTest.runs/impl_1/BicubicDDRTest_wrapper.ltx} [get_hw_devices xczu9_0]
set_property FULL_PROBES.FILE {D:/Capstone/BicubicDDRTest/BicubicDDRTest.runs/impl_1/BicubicDDRTest_wrapper.ltx} [get_hw_devices xczu9_0]
set_property PROGRAM.FILE {D:/Capstone/BicubicDDRTest/BicubicDDRTest.runs/impl_1/BicubicDDRTest_wrapper.bit} [get_hw_devices xczu9_0]
program_hw_devices [get_hw_devices xczu9_0]
refresh_hw_device [lindex [get_hw_devices xczu9_0] 0]
set_property PROBES.FILE {D:/Capstone/BicubicDDRTest/BicubicDDRTest.runs/impl_1/BicubicDDRTest_wrapper.ltx} [get_hw_devices xczu9_0]
set_property FULL_PROBES.FILE {D:/Capstone/BicubicDDRTest/BicubicDDRTest.runs/impl_1/BicubicDDRTest_wrapper.ltx} [get_hw_devices xczu9_0]
set_property PROGRAM.FILE {D:/Capstone/BicubicDDRTest/BicubicDDRTest.runs/impl_1/BicubicDDRTest_wrapper.bit} [get_hw_devices xczu9_0]
program_hw_devices [get_hw_devices xczu9_0]
refresh_hw_device [lindex [get_hw_devices xczu9_0] 0]
display_hw_ila_data [ get_hw_ila_data hw_ila_data_1 -of_objects [get_hw_ilas -of_objects [get_hw_devices xczu9_0] -filter {CELL_NAME=~"BicubicDDRTest_i/system_ila_0/inst/ila_lib"}]]
run_hw_ila [get_hw_ilas -of_objects [get_hw_devices xczu9_0] -filter {CELL_NAME=~"BicubicDDRTest_i/system_ila_0/inst/ila_lib"}]
set_property PROBES.FILE {D:/Capstone/BicubicDDRTest/BicubicDDRTest.runs/impl_1/BicubicDDRTest_wrapper.ltx} [get_hw_devices xczu9_0]
set_property FULL_PROBES.FILE {D:/Capstone/BicubicDDRTest/BicubicDDRTest.runs/impl_1/BicubicDDRTest_wrapper.ltx} [get_hw_devices xczu9_0]
set_property PROGRAM.FILE {D:/Capstone/BicubicDDRTest/BicubicDDRTest.runs/impl_1/BicubicDDRTest_wrapper.bit} [get_hw_devices xczu9_0]
program_hw_devices [get_hw_devices xczu9_0]
refresh_hw_device [lindex [get_hw_devices xczu9_0] 0]
display_hw_ila_data [ get_hw_ila_data hw_ila_data_1 -of_objects [get_hw_ilas -of_objects [get_hw_devices xczu9_0] -filter {CELL_NAME=~"BicubicDDRTest_i/system_ila_0/inst/ila_lib"}]]
set_property TRIGGER_COMPARE_VALUE eq1'bX [get_hw_probes BicubicDDRTest_i/system_ila_0/inst/net_slot_1_axis_tready -of_objects [get_hw_ilas -of_objects [get_hw_devices xczu9_0] -filter {CELL_NAME=~"BicubicDDRTest_i/system_ila_0/inst/ila_lib"}]]
set_property TRIGGER_COMPARE_VALUE eq1'bR [get_hw_probes BicubicDDRTest_i/system_ila_0/inst/probe0_1 -of_objects [get_hw_ilas -of_objects [get_hw_devices xczu9_0] -filter {CELL_NAME=~"BicubicDDRTest_i/system_ila_0/inst/ila_lib"}]]
run_hw_ila [get_hw_ilas -of_objects [get_hw_devices xczu9_0] -filter {CELL_NAME=~"BicubicDDRTest_i/system_ila_0/inst/ila_lib"}]
wait_on_hw_ila [get_hw_ilas -of_objects [get_hw_devices xczu9_0] -filter {CELL_NAME=~"BicubicDDRTest_i/system_ila_0/inst/ila_lib"}]
display_hw_ila_data [upload_hw_ila_data [get_hw_ilas -of_objects [get_hw_devices xczu9_0] -filter {CELL_NAME=~"BicubicDDRTest_i/system_ila_0/inst/ila_lib"}]]
set_property TRIGGER_COMPARE_VALUE eq1'b0 [get_hw_probes BicubicDDRTest_i/system_ila_0/inst/net_slot_1_axis_tready -of_objects [get_hw_ilas -of_objects [get_hw_devices xczu9_0] -filter {CELL_NAME=~"BicubicDDRTest_i/system_ila_0/inst/ila_lib"}]]
set_property TRIGGER_COMPARE_VALUE eq1'bX [get_hw_probes BicubicDDRTest_i/system_ila_0/inst/probe0_1 -of_objects [get_hw_ilas -of_objects [get_hw_devices xczu9_0] -filter {CELL_NAME=~"BicubicDDRTest_i/system_ila_0/inst/ila_lib"}]]
set_property TRIGGER_COMPARE_VALUE eq1'b1 [get_hw_probes BicubicDDRTest_i/system_ila_0/inst/net_slot_1_axis_tvalid -of_objects [get_hw_ilas -of_objects [get_hw_devices xczu9_0] -filter {CELL_NAME=~"BicubicDDRTest_i/system_ila_0/inst/ila_lib"}]]
set_property PROBES.FILE {D:/Capstone/BicubicDDRTest/BicubicDDRTest.runs/impl_1/BicubicDDRTest_wrapper.ltx} [get_hw_devices xczu9_0]
set_property FULL_PROBES.FILE {D:/Capstone/BicubicDDRTest/BicubicDDRTest.runs/impl_1/BicubicDDRTest_wrapper.ltx} [get_hw_devices xczu9_0]
set_property PROGRAM.FILE {D:/Capstone/BicubicDDRTest/BicubicDDRTest.runs/impl_1/BicubicDDRTest_wrapper.bit} [get_hw_devices xczu9_0]
program_hw_devices [get_hw_devices xczu9_0]
refresh_hw_device [lindex [get_hw_devices xczu9_0] 0]
display_hw_ila_data [ get_hw_ila_data hw_ila_data_1 -of_objects [get_hw_ilas -of_objects [get_hw_devices xczu9_0] -filter {CELL_NAME=~"BicubicDDRTest_i/system_ila_0/inst/ila_lib"}]]
run_hw_ila [get_hw_ilas -of_objects [get_hw_devices xczu9_0] -filter {CELL_NAME=~"BicubicDDRTest_i/system_ila_0/inst/ila_lib"}]
set_property PROBES.FILE {D:/Capstone/BicubicDDRTest/BicubicDDRTest.runs/impl_1/BicubicDDRTest_wrapper.ltx} [get_hw_devices xczu9_0]
set_property FULL_PROBES.FILE {D:/Capstone/BicubicDDRTest/BicubicDDRTest.runs/impl_1/BicubicDDRTest_wrapper.ltx} [get_hw_devices xczu9_0]
set_property PROGRAM.FILE {D:/Capstone/BicubicDDRTest/BicubicDDRTest.runs/impl_1/BicubicDDRTest_wrapper.bit} [get_hw_devices xczu9_0]
program_hw_devices [get_hw_devices xczu9_0]
refresh_hw_device [lindex [get_hw_devices xczu9_0] 0]
display_hw_ila_data [ get_hw_ila_data hw_ila_data_1 -of_objects [get_hw_ilas -of_objects [get_hw_devices xczu9_0] -filter {CELL_NAME=~"BicubicDDRTest_i/system_ila_0/inst/ila_lib"}]]
set_property TRIGGER_COMPARE_VALUE eq1'bX [get_hw_probes BicubicDDRTest_i/system_ila_0/inst/net_slot_1_axis_tvalid -of_objects [get_hw_ilas -of_objects [get_hw_devices xczu9_0] -filter {CELL_NAME=~"BicubicDDRTest_i/system_ila_0/inst/ila_lib"}]]
set_property TRIGGER_COMPARE_VALUE eq1'bF [get_hw_probes BicubicDDRTest_i/system_ila_0/inst/net_slot_1_axis_tready -of_objects [get_hw_ilas -of_objects [get_hw_devices xczu9_0] -filter {CELL_NAME=~"BicubicDDRTest_i/system_ila_0/inst/ila_lib"}]]
run_hw_ila [get_hw_ilas -of_objects [get_hw_devices xczu9_0] -filter {CELL_NAME=~"BicubicDDRTest_i/system_ila_0/inst/ila_lib"}]
wait_on_hw_ila [get_hw_ilas -of_objects [get_hw_devices xczu9_0] -filter {CELL_NAME=~"BicubicDDRTest_i/system_ila_0/inst/ila_lib"}]
display_hw_ila_data [upload_hw_ila_data [get_hw_ilas -of_objects [get_hw_devices xczu9_0] -filter {CELL_NAME=~"BicubicDDRTest_i/system_ila_0/inst/ila_lib"}]]
